components/admin/hotels/HotelCard.tsx(54,70): error TS2367: This comparison appears to be unintentional because the types '"standard" | "advanced"' and '"enterprise"' have no overlap.
components/admin/hotels/HotelModals.tsx(52,25): error TS2353: Object literal may only specify known properties, and 'managerName' does not exist in type 'Partial<{ id: string; name: string; location: string; city: string; state: string; status: "active" | "inactive" | "suspended" | "pending" | "onboarding"; plan: "standard" | "advanced"; kioskCount: number; ... 5 more ...; lastActivity?: string | undefined; }>'.
components/admin/plans/usePlans.ts(68,26): error TS2345: Argument of type '(prev: Plan[]) => (Plan | undefined)[]' is not assignable to parameter of type 'SetStateAction<Plan[]>'.
  Type '(prev: Plan[]) => (Plan | undefined)[]' is not assignable to type '(prevState: Plan[]) => Plan[]'.
    Type '(Plan | undefined)[]' is not assignable to type 'Plan[]'.
      Type 'Plan | undefined' is not assignable to type 'Plan'.
        Type 'undefined' is not assignable to type 'Plan'.
lib/services/rolesService.ts(47,42): error TS2339: Property 'data' does not exist on type '{}'.
